SESSION: /home/Aditya/Desktop/Research_project/cpu-quota-tail-latency/results/sessions/20260921-202841
Settling: at least 600s; checking a stable 60s temperature window.
Settling 0s: {'k10temp:Tctl': 46.0}
Settling 60s: {'k10temp:Tctl': 41.125}
Settling 120s: {'k10temp:Tctl': 41.125}
Settling 180s: {'k10temp:Tctl': 40.75}
Settling 241s: {'k10temp:Tctl': 40.75}
Settling 301s: {'k10temp:Tctl': 40.875}
Settling 361s: {'k10temp:Tctl': 40.625}
Settling 421s: {'k10temp:Tctl': 40.625}
Settling 481s: {'k10temp:Tctl': 40.5}
Settling 541s: {'k10temp:Tctl': 40.375}
Settling: at least 60s; checking a stable 60s temperature window.
Settling 0s: {'k10temp:Tctl': 42.375}
Settling 60s: {'k10temp:Tctl': 40.25}
calibration/work_probe: p99=6.32ms cpu=0.091 throttled=0 flags=[]
Settling: at least 60s; checking a stable 60s temperature window.
Settling 0s: {'k10temp:Tctl': 45.875}
Settling 60s: {'k10temp:Tctl': 40.625}
calibration/work_refined: p99=6.71ms cpu=0.099 throttled=0 flags=[]
Settling: at least 60s; checking a stable 60s temperature window.
Settling 0s: {'k10temp:Tctl': 46.125}
Settling 60s: {'k10temp:Tctl': 40.75}
calibration/capacity_00: p99=6.58ms cpu=0.247 throttled=0 flags=[]
Settling: at least 60s; checking a stable 60s temperature window.
Settling 0s: {'k10temp:Tctl': 46.625}
Settling 60s: {'k10temp:Tctl': 40.75}
calibration/capacity_01: p99=6.60ms cpu=0.345 throttled=0 flags=[]
Settling: at least 60s; checking a stable 60s temperature window.
Settling 0s: {'k10temp:Tctl': 47.5}
Settling 60s: {'k10temp:Tctl': 40.875}
calibration/capacity_02: p99=6.47ms cpu=0.417 throttled=0 flags=[]
Settling: at least 60s; checking a stable 60s temperature window.
Settling 0s: {'k10temp:Tctl': 48.0}
Settling 60s: {'k10temp:Tctl': 41.125}
calibration/capacity_03: p99=6.49ms cpu=0.484 throttled=9 flags=[]
Settling: at least 60s; checking a stable 60s temperature window.
Settling 0s: {'k10temp:Tctl': 48.875}
Settling 60s: {'k10temp:Tctl': 41.5}
calibration/capacity_04: p99=5.87ms cpu=0.487 throttled=45 flags=[]
Settling: at least 60s; checking a stable 60s temperature window.
Settling 0s: {'k10temp:Tctl': 52.75}
Settling 60s: {'k10temp:Tctl': 41.625}
calibration/capacity_05: p99=39.93ms cpu=0.500 throttled=291 flags=[]
Settling: at least 60s; checking a stable 60s temperature window.
Settling 0s: {'k10temp:Tctl': 56.125}
Settling 60s: {'k10temp:Tctl': 41.875}
calibration/capacity_refine_0: p99=5.44ms cpu=0.493 throttled=64 flags=[]
Settling: at least 60s; checking a stable 60s temperature window.
Settling 0s: {'k10temp:Tctl': 52.625}
Settling 60s: {'k10temp:Tctl': 42.0}
calibration/capacity_refine_1: p99=5.19ms cpu=0.494 throttled=30 flags=[]
Settling: at least 60s; checking a stable 60s temperature window.
Settling 0s: {'k10temp:Tctl': 54.0}
Settling 60s: {'k10temp:Tctl': 42.75}
Settling 120s: {'k10temp:Tctl': 43.875}
Settling 180s: {'k10temp:Tctl': 43.5}
Settling 240s: {'k10temp:Tctl': 42.25}
calibration/capacity_refine_2: p99=5.34ms cpu=0.494 throttled=60 flags=[]
Settling: at least 60s; checking a stable 60s temperature window.
Settling 0s: {'k10temp:Tctl': 55.0}
Settling 60s: {'k10temp:Tctl': 42.625}
preflight/saturation_10000: p99=1341.36ms cpu=0.499 throttled=3133 flags=[]
Settling: at least 60s; checking a stable 60s temperature window.
Settling 0s: {'k10temp:Tctl': 53.75}
Settling 60s: {'k10temp:Tctl': 42.75}
preflight/saturation_50000: p99=1409.41ms cpu=0.500 throttled=623 flags=[]
Settling: at least 60s; checking a stable 60s temperature window.
Settling 0s: {'k10temp:Tctl': 50.75}
Settling 60s: {'k10temp:Tctl': 42.375}
preflight/saturation_100000: p99=4620.26ms cpu=0.501 throttled=309 flags=[]
Settling: at least 60s; checking a stable 60s temperature window.
Settling 0s: {'k10temp:Tctl': 54.25}
Settling 60s: {'k10temp:Tctl': 42.375}
preflight/saturation_250000: p99=1202.35ms cpu=0.501 throttled=124 flags=[]
Settling: at least 60s; checking a stable 60s temperature window.
Settling 0s: {'k10temp:Tctl': 59.0}
Settling 60s: {'k10temp:Tctl': 42.625}
pilot/p0_w1_steady: p99=5.96ms cpu=0.488 throttled=0 flags=[]
Settling: at least 60s; checking a stable 60s temperature window.
Settling 0s: {'k10temp:Tctl': 52.0}
Settling 60s: {'k10temp:Tctl': 42.625}
pilot/p0_w1_bursty: p99=6.42ms cpu=0.447 throttled=0 flags=[]
Settling: at least 60s; checking a stable 60s temperature window.
Settling 0s: {'k10temp:Tctl': 56.375}
Settling 60s: {'k10temp:Tctl': 43.0}
pilot/p0_w4_steady: p99=5.94ms cpu=0.488 throttled=0 flags=[]
Settling: at least 60s; checking a stable 60s temperature window.
Settling 0s: {'k10temp:Tctl': 52.25}
Settling 60s: {'k10temp:Tctl': 42.875}
pilot/p0_w4_bursty: p99=6.36ms cpu=0.447 throttled=0 flags=[]
Settling: at least 60s; checking a stable 60s temperature window.
Settling 0s: {'k10temp:Tctl': 57.5}
Settling 60s: {'k10temp:Tctl': 43.125}
pilot/p10000_w1_steady: p99=15.24ms cpu=0.485 throttled=3631 flags=[]
Settling: at least 60s; checking a stable 60s temperature window.
Settling 0s: {'k10temp:Tctl': 52.625}
Settling 60s: {'k10temp:Tctl': 44.625}
Settling 120s: {'k10temp:Tctl': 42.875}
pilot/p10000_w1_bursty: p99=1007.66ms cpu=0.420 throttled=4014 flags=[]
Settling: at least 60s; checking a stable 60s temperature window.
Settling 0s: {'k10temp:Tctl': 56.25}
Settling 60s: {'k10temp:Tctl': 43.25}
pilot/p10000_w4_steady: p99=1404.11ms cpu=0.498 throttled=5843 flags=[]
Settling: at least 60s; checking a stable 60s temperature window.
Settling 0s: {'k10temp:Tctl': 50.875}
Settling 60s: {'k10temp:Tctl': 44.25}
pilot/p10000_w4_bursty: p99=1401.60ms cpu=0.442 throttled=4583 flags=[]
Settling: at least 60s; checking a stable 60s temperature window.
Settling 0s: {'k10temp:Tctl': 50.625}
Settling 60s: {'k10temp:Tctl': 42.625}
pilot/p100000_w1_steady: p99=6.07ms cpu=0.488 throttled=98 flags=[]
Settling: at least 60s; checking a stable 60s temperature window.
Settling 0s: {'k10temp:Tctl': 51.875}
Settling 60s: {'k10temp:Tctl': 42.5}
pilot/p100000_w1_bursty: p99=837.09ms cpu=0.418 throttled=375 flags=[]
Settling: at least 60s; checking a stable 60s temperature window.
Settling 0s: {'k10temp:Tctl': 60.5}
Settling 60s: {'k10temp:Tctl': 42.875}
pilot/p100000_w4_steady: p99=6.01ms cpu=0.489 throttled=102 flags=[]
Settling: at least 60s; checking a stable 60s temperature window.
Settling 0s: {'k10temp:Tctl': 51.875}
Settling 60s: {'k10temp:Tctl': 42.625}
pilot/p100000_w4_bursty: p99=4142.29ms cpu=0.435 throttled=426 flags=[]
MATRIX 1/300
Settling: at least 60s; checking a stable 60s temperature window.
Settling 0s: {'k10temp:Tctl': 55.25}
Settling 60s: {'k10temp:Tctl': 42.5}
raw/p50000_w4_moderate_bursty_r2: p99=6.48ms cpu=0.322 throttled=1 flags=[]
MATRIX 2/300
Settling: at least 60s; checking a stable 60s temperature window.
Settling 0s: {'k10temp:Tctl': 49.75}
Settling 60s: {'k10temp:Tctl': 42.25}
raw/p250000_w4_high_bursty_r5: p99=1140.12ms cpu=0.423 throttled=146 flags=[]
MATRIX 3/300
Settling: at least 60s; checking a stable 60s temperature window.
Settling 0s: {'k10temp:Tctl': 58.25}
Settling 60s: {'k10temp:Tctl': 42.625}
raw/p10000_w2_high_bursty_r3: p99=1329.27ms cpu=0.445 throttled=4670 flags=[]
MATRIX 4/300
Settling: at least 60s; checking a stable 60s temperature window.
Settling 0s: {'k10temp:Tctl': 50.125}
Settling 60s: {'k10temp:Tctl': 42.25}
raw/p50000_w2_moderate_bursty_r5: p99=6.48ms cpu=0.322 throttled=7 flags=[]
MATRIX 5/300
Settling: at least 60s; checking a stable 60s temperature window.
Settling 0s: {'k10temp:Tctl': 49.125}
Settling 60s: {'k10temp:Tctl': 42.0}
raw/p10000_w2_high_steady_r3: p99=83.75ms cpu=0.492 throttled=4935 flags=[]
MATRIX 6/300
Settling: at least 60s; checking a stable 60s temperature window.
Settling 0s: {'k10temp:Tctl': 52.5}
Settling 60s: {'k10temp:Tctl': 46.875}
Settling 120s: {'k10temp:Tctl': 41.75}
raw/p0_w1_high_steady_r1: p99=5.97ms cpu=0.489 throttled=0 flags=[]
MATRIX 7/300
Settling: at least 60s; checking a stable 60s temperature window.
Settling 0s: {'k10temp:Tctl': 51.125}
Settling 60s: {'k10temp:Tctl': 42.25}
raw/p250000_w1_high_steady_r3: p99=5.94ms cpu=0.489 throttled=7 flags=[]
MATRIX 8/300
Settling: at least 60s; checking a stable 60s temperature window.
Settling 0s: {'k10temp:Tctl': 51.5}
Settling 60s: {'k10temp:Tctl': 42.375}
raw/p100000_w1_moderate_steady_r1: p99=6.60ms cpu=0.328 throttled=0 flags=[]
MATRIX 9/300
Settling: at least 60s; checking a stable 60s temperature window.
Settling 0s: {'k10temp:Tctl': 49.0}
Settling 60s: {'k10temp:Tctl': 42.25}
raw/p10000_w1_high_bursty_r5: p99=1039.14ms cpu=0.421 throttled=4051 flags=[]
MATRIX 10/300
Settling: at least 60s; checking a stable 60s temperature window.
Settling 0s: {'k10temp:Tctl': 55.5}
Settling 60s: {'k10temp:Tctl': 42.5}
raw/p250000_w4_moderate_bursty_r1: p99=6.58ms cpu=0.324 throttled=0 flags=[]
MATRIX 11/300
Settling: at least 60s; checking a stable 60s temperature window.
Settling 0s: {'k10temp:Tctl': 49.25}
Settling 60s: {'k10temp:Tctl': 42.0}
raw/p10000_w2_moderate_steady_r5: p99=6.65ms cpu=0.330 throttled=346 flags=[]
MATRIX 12/300
Settling: at least 60s; checking a stable 60s temperature window.
Settling 0s: {'k10temp:Tctl': 48.75}
Settling 60s: {'k10temp:Tctl': 41.875}
raw/p0_w4_high_bursty_r1: p99=6.39ms cpu=0.447 throttled=0 flags=[]
MATRIX 13/300
Settling: at least 60s; checking a stable 60s temperature window.
Settling 0s: {'k10temp:Tctl': 56.0}
Settling 60s: {'k10temp:Tctl': 42.5}
raw/p50000_w4_moderate_steady_r4: p99=6.63ms cpu=0.328 throttled=0 flags=[]
MATRIX 14/300
Settling: at least 60s; checking a stable 60s temperature window.
Settling 0s: {'k10temp:Tctl': 48.875}
Settling 60s: {'k10temp:Tctl': 42.0}
raw/p250000_w4_moderate_steady_r1: p99=6.64ms cpu=0.330 throttled=0 flags=[]
MATRIX 15/300
Settling: at least 60s; checking a stable 60s temperature window.
Settling 0s: {'k10temp:Tctl': 48.875}
Settling 60s: {'k10temp:Tctl': 41.875}
raw/p250000_w2_moderate_bursty_r1: p99=6.46ms cpu=0.322 throttled=0 flags=[]
MATRIX 16/300
Settling: at least 60s; checking a stable 60s temperature window.
Settling 0s: {'k10temp:Tctl': 49.125}
Settling 60s: {'k10temp:Tctl': 41.75}
raw/p0_w4_high_bursty_r3: p99=6.46ms cpu=0.447 throttled=0 flags=[]
MATRIX 17/300
Settling: at least 60s; checking a stable 60s temperature window.
Settling 0s: {'k10temp:Tctl': 56.125}
Settling 60s: {'k10temp:Tctl': 42.25}
Settling 120s: {'k10temp:Tctl': 41.75}
raw/p0_w4_high_steady_r2: p99=5.94ms cpu=0.488 throttled=0 flags=[]
MATRIX 18/300
Settling: at least 60s; checking a stable 60s temperature window.
Settling 0s: {'k10temp:Tctl': 51.625}
Settling 60s: {'k10temp:Tctl': 42.25}
Settling 120s: {'k10temp:Tctl': 41.5}
raw/p10000_w2_high_bursty_r4: p99=1278.59ms cpu=0.438 throttled=4493 flags=[]
MATRIX 19/300
Settling: at least 60s; checking a stable 60s temperature window.
Settling 0s: {'k10temp:Tctl': 52.75}
Settling 60s: {'k10temp:Tctl': 41.875}
raw/p100000_w2_high_bursty_r4: p99=3903.52ms cpu=0.428 throttled=405 flags=[]
MATRIX 20/300
Settling: at least 60s; checking a stable 60s temperature window.
Settling 0s: {'k10temp:Tctl': 53.375}
Settling 60s: {'k10temp:Tctl': 41.875}
raw/p100000_w4_high_steady_r4: p99=5.95ms cpu=0.484 throttled=78 flags=[]
MATRIX 21/300
Settling: at least 60s; checking a stable 60s temperature window.
Settling 0s: {'k10temp:Tctl': 53.75}
Settling 60s: {'k10temp:Tctl': 45.25}
Settling 120s: {'k10temp:Tctl': 42.0}
raw/p0_w1_moderate_bursty_r1: p99=6.52ms cpu=0.323 throttled=0 flags=[]
MATRIX 22/300
Settling: at least 60s; checking a stable 60s temperature window.
Settling 0s: {'k10temp:Tctl': 49.25}
Settling 60s: {'k10temp:Tctl': 41.75}
raw/p10000_w1_moderate_steady_r2: p99=6.61ms cpu=0.327 throttled=269 flags=[]
MATRIX 23/300
Settling: at least 60s; checking a stable 60s temperature window.
Settling 0s: {'k10temp:Tctl': 48.375}
Settling 60s: {'k10temp:Tctl': 41.25}
raw/p250000_w4_moderate_steady_r5: p99=6.65ms cpu=0.330 throttled=0 flags=[]
MATRIX 24/300
Settling: at least 60s; checking a stable 60s temperature window.
Settling 0s: {'k10temp:Tctl': 47.75}
Settling 60s: {'k10temp:Tctl': 41.0}
raw/p0_w1_high_steady_r2: p99=5.95ms cpu=0.490 throttled=0 flags=[]
MATRIX 25/300
Settling: at least 60s; checking a stable 60s temperature window.
Settling 0s: {'k10temp:Tctl': 49.75}
Settling 60s: {'k10temp:Tctl': 40.875}
raw/p100000_w2_moderate_steady_r5: p99=6.54ms cpu=0.327 throttled=0 flags=[]
MATRIX 26/300
Settling: at least 60s; checking a stable 60s temperature window.
Settling 0s: {'k10temp:Tctl': 47.375}
Settling 60s: {'k10temp:Tctl': 40.5}
raw/p100000_w1_high_steady_r4: p99=6.02ms cpu=0.489 throttled=85 flags=[]
MATRIX 27/300
Settling: at least 60s; checking a stable 60s temperature window.
Settling 0s: {'k10temp:Tctl': 49.5}
Settling 60s: {'k10temp:Tctl': 40.5}
raw/p0_w1_moderate_bursty_r2: p99=6.53ms cpu=0.322 throttled=0 flags=[]
MATRIX 28/300
Settling: at least 60s; checking a stable 60s temperature window.
Settling 0s: {'k10temp:Tctl': 47.5}
Settling 60s: {'k10temp:Tctl': 40.25}
raw/p250000_w2_moderate_bursty_r2: p99=6.53ms cpu=0.323 throttled=0 flags=[]
MATRIX 29/300
Settling: at least 60s; checking a stable 60s temperature window.
Settling 0s: {'k10temp:Tctl': 47.25}
Settling 60s: {'k10temp:Tctl': 39.625}
raw/p50000_w2_moderate_bursty_r2: p99=6.54ms cpu=0.323 throttled=11 flags=[]
MATRIX 30/300
Settling: at least 60s; checking a stable 60s temperature window.
Settling 0s: {'k10temp:Tctl': 46.5}
Settling 60s: {'k10temp:Tctl': 39.375}
raw/p10000_w1_moderate_bursty_r1: p99=6.62ms cpu=0.322 throttled=317 flags=[]
MATRIX 31/300
Settling: at least 60s; checking a stable 60s temperature window.
Settling 0s: {'k10temp:Tctl': 46.625}
Settling 60s: {'k10temp:Tctl': 39.125}
raw/p0_w4_moderate_steady_r4: p99=6.65ms cpu=0.328 throttled=0 flags=[]
MATRIX 32/300
Settling: at least 60s; checking a stable 60s temperature window.
Settling 0s: {'k10temp:Tctl': 46.0}
Settling 60s: {'k10temp:Tctl': 38.875}
raw/p100000_w1_moderate_steady_r4: p99=6.62ms cpu=0.329 throttled=0 flags=[]
MATRIX 33/300
Settling: at least 60s; checking a stable 60s temperature window.
Settling 0s: {'k10temp:Tctl': 46.25}
Settling 60s: {'k10temp:Tctl': 38.75}
raw/p250000_w1_high_steady_r1: p99=5.97ms cpu=0.489 throttled=21 flags=[]
MATRIX 34/300
Settling: at least 60s; checking a stable 60s temperature window.
Settling 0s: {'k10temp:Tctl': 48.125}
Settling 60s: {'k10temp:Tctl': 39.0}
raw/p10000_w2_high_steady_r5: p99=115.72ms cpu=0.492 throttled=5032 flags=[]
MATRIX 35/300
Settling: at least 60s; checking a stable 60s temperature window.
Settling 0s: {'k10temp:Tctl': 49.0}
Settling 60s: {'k10temp:Tctl': 38.875}
raw/p250000_w4_high_steady_r2: p99=5.92ms cpu=0.488 throttled=9 flags=[]
MATRIX 36/300
Settling: at least 60s; checking a stable 60s temperature window.
Settling 0s: {'k10temp:Tctl': 48.25}
Settling 60s: {'k10temp:Tctl': 38.875}
raw/p250000_w1_moderate_steady_r2: p99=6.61ms cpu=0.328 throttled=0 flags=[]
MATRIX 37/300
Settling: at least 60s; checking a stable 60s temperature window.
Settling 0s: {'k10temp:Tctl': 45.25}
Settling 60s: {'k10temp:Tctl': 38.5}
raw/p0_w1_high_steady_r3: p99=5.88ms cpu=0.490 throttled=0 flags=[]
MATRIX 38/300
Settling: at least 60s; checking a stable 60s temperature window.
Settling 0s: {'k10temp:Tctl': 47.625}
Settling 60s: {'k10temp:Tctl': 38.625}
raw/p50000_w4_moderate_bursty_r3: p99=6.46ms cpu=0.323 throttled=8 flags=[]
MATRIX 39/300
Settling: at least 60s; checking a stable 60s temperature window.
Settling 0s: {'k10temp:Tctl': 45.375}
Settling 60s: {'k10temp:Tctl': 38.25}
raw/p50000_w4_high_bursty_r1: p99=1381.25ms cpu=0.436 throttled=872 flags=[]
MATRIX 40/300
Settling: at least 60s; checking a stable 60s temperature window.
Settling 0s: {'k10temp:Tctl': 47.375}
Settling 60s: {'k10temp:Tctl': 38.125}
raw/p10000_w4_moderate_bursty_r4: p99=6.55ms cpu=0.323 throttled=245 flags=[]
MATRIX 41/300
Settling: at least 60s; checking a stable 60s temperature window.
Settling 0s: {'k10temp:Tctl': 44.875}
Settling 60s: {'k10temp:Tctl': 37.875}
raw/p0_w1_high_steady_r4: p99=5.92ms cpu=0.489 throttled=0 flags=[]
MATRIX 42/300
Settling: at least 60s; checking a stable 60s temperature window.
Settling 0s: {'k10temp:Tctl': 47.625}
Settling 60s: {'k10temp:Tctl': 38.25}
Settling 120s: {'k10temp:Tctl': 37.5}
raw/p0_w1_moderate_steady_r3: p99=6.62ms cpu=0.328 throttled=0 flags=[]
MATRIX 43/300
Settling: at least 60s; checking a stable 60s temperature window.
Settling 0s: {'k10temp:Tctl': 44.375}
Settling 60s: {'k10temp:Tctl': 37.625}
raw/p0_w2_high_bursty_r2: p99=6.40ms cpu=0.447 throttled=0 flags=[]
MATRIX 44/300
Settling: at least 60s; checking a stable 60s temperature window.
Settling 0s: {'k10temp:Tctl': 52.125}
Settling 60s: {'k10temp:Tctl': 38.375}
raw/p50000_w1_high_steady_r4: p99=7.63ms cpu=0.489 throttled=412 flags=[]
MATRIX 45/300
Settling: at least 60s; checking a stable 60s temperature window.
Settling 0s: {'k10temp:Tctl': 47.5}
Settling 60s: {'k10temp:Tctl': 38.75}
Settling 120s: {'k10temp:Tctl': 38.25}
raw/p0_w2_moderate_bursty_r4: p99=6.54ms cpu=0.323 throttled=0 flags=[]
MATRIX 46/300
Settling: at least 60s; checking a stable 60s temperature window.
Settling 0s: {'k10temp:Tctl': 45.375}
Settling 60s: {'k10temp:Tctl': 38.375}
raw/p50000_w4_moderate_steady_r1: p99=6.61ms cpu=0.328 throttled=0 flags=[]
MATRIX 47/300
Settling: at least 60s; checking a stable 60s temperature window.
Settling 0s: {'k10temp:Tctl': 45.25}
Settling 60s: {'k10temp:Tctl': 38.5}
raw/p0_w2_moderate_steady_r2: p99=6.57ms cpu=0.328 throttled=0 flags=[]
MATRIX 48/300
Settling: at least 60s; checking a stable 60s temperature window.
Settling 0s: {'k10temp:Tctl': 45.25}
Settling 60s: {'k10temp:Tctl': 38.5}
raw/p100000_w2_high_bursty_r5: p99=1082.65ms cpu=0.424 throttled=395 flags=[]
MATRIX 49/300
Settling: at least 60s; checking a stable 60s temperature window.
Settling 0s: {'k10temp:Tctl': 50.875}
Settling 60s: {'k10temp:Tctl': 38.875}
raw/p250000_w2_moderate_bursty_r4: p99=6.52ms cpu=0.324 throttled=0 flags=[]
MATRIX 50/300
Settling: at least 60s; checking a stable 60s temperature window.
Settling 0s: {'k10temp:Tctl': 46.25}
Settling 60s: {'k10temp:Tctl': 38.75}
raw/p10000_w4_high_bursty_r1: p99=1349.88ms cpu=0.439 throttled=4509 flags=[]
MATRIX 51/300
Settling: at least 60s; checking a stable 60s temperature window.
Settling 0s: {'k10temp:Tctl': 49.625}
Settling 60s: {'k10temp:Tctl': 39.125}
raw/p10000_w1_moderate_bursty_r2: p99=6.57ms cpu=0.323 throttled=276 flags=[]
MATRIX 52/300
Settling: at least 60s; checking a stable 60s temperature window.
Settling 0s: {'k10temp:Tctl': 46.125}
Settling 60s: {'k10temp:Tctl': 38.875}
raw/p0_w2_moderate_bursty_r5: p99=6.52ms cpu=0.323 throttled=0 flags=[]
MATRIX 53/300
Settling: at least 60s; checking a stable 60s temperature window.
Settling 0s: {'k10temp:Tctl': 46.375}
Settling 60s: {'k10temp:Tctl': 39.0}
raw/p10000_w2_moderate_bursty_r2: p99=40.92ms cpu=0.323 throttled=500 flags=[]
MATRIX 54/300
Settling: at least 60s; checking a stable 60s temperature window.
Settling 0s: {'k10temp:Tctl': 47.5}
Settling 60s: {'k10temp:Tctl': 39.125}
raw/p250000_w4_high_steady_r4: p99=5.91ms cpu=0.489 throttled=9 flags=[]
MATRIX 55/300
Settling: at least 60s; checking a stable 60s temperature window.
Settling 0s: {'k10temp:Tctl': 49.0}
Settling 60s: {'k10temp:Tctl': 39.5}
raw/p50000_w4_high_steady_r4: p99=6.86ms cpu=0.488 throttled=325 flags=[]
MATRIX 56/300
Settling: at least 60s; checking a stable 60s temperature window.
Settling 0s: {'k10temp:Tctl': 49.0}
Settling 60s: {'k10temp:Tctl': 39.875}
raw/p100000_w1_high_bursty_r5: p99=813.86ms cpu=0.418 throttled=372 flags=[]
MATRIX 57/300
Settling: at least 60s; checking a stable 60s temperature window.
Settling 0s: {'k10temp:Tctl': 58.0}
Settling 60s: {'k10temp:Tctl': 40.0}
raw/p100000_w2_high_steady_r4: p99=5.93ms cpu=0.489 throttled=94 flags=[]
MATRIX 58/300
Settling: at least 60s; checking a stable 60s temperature window.
Settling 0s: {'k10temp:Tctl': 49.25}
Settling 60s: {'k10temp:Tctl': 40.0}
raw/p50000_w4_moderate_bursty_r1: p99=6.53ms cpu=0.323 throttled=13 flags=[]
MATRIX 59/300
Settling: at least 60s; checking a stable 60s temperature window.
Settling 0s: {'k10temp:Tctl': 47.0}
Settling 60s: {'k10temp:Tctl': 39.75}
raw/p0_w4_moderate_steady_r5: p99=6.63ms cpu=0.328 throttled=0 flags=[]
MATRIX 60/300
Settling: at least 60s; checking a stable 60s temperature window.
Settling 0s: {'k10temp:Tctl': 46.625}
Settling 60s: {'k10temp:Tctl': 39.875}
raw/p250000_w1_moderate_bursty_r5: p99=6.56ms cpu=0.324 throttled=0 flags=[]
MATRIX 61/300
Settling: at least 60s; checking a stable 60s temperature window.
Settling 0s: {'k10temp:Tctl': 46.75}
Settling 60s: {'k10temp:Tctl': 39.625}
raw/p250000_w4_high_steady_r3: p99=5.96ms cpu=0.489 throttled=7 flags=[]
MATRIX 62/300
Settling: at least 60s; checking a stable 60s temperature window.
Settling 0s: {'k10temp:Tctl': 49.0}
Settling 60s: {'k10temp:Tctl': 40.125}
raw/p0_w1_moderate_steady_r4: p99=6.56ms cpu=0.328 throttled=0 flags=[]
MATRIX 63/300
Settling: at least 60s; checking a stable 60s temperature window.
Settling 0s: {'k10temp:Tctl': 46.625}
Settling 60s: {'k10temp:Tctl': 39.75}
raw/p10000_w4_moderate_bursty_r2: p99=6.47ms cpu=0.323 throttled=226 flags=[]
MATRIX 64/300
Settling: at least 60s; checking a stable 60s temperature window.
Settling 0s: {'k10temp:Tctl': 47.0}
Settling 60s: {'k10temp:Tctl': 39.625}
raw/p0_w1_high_bursty_r2: p99=6.40ms cpu=0.447 throttled=0 flags=[]
MATRIX 65/300
Settling: at least 60s; checking a stable 60s temperature window.
Settling 0s: {'k10temp:Tctl': 54.125}
Settling 60s: {'k10temp:Tctl': 40.5}
raw/p250000_w4_moderate_bursty_r4: p99=6.57ms cpu=0.323 throttled=0 flags=[]
MATRIX 66/300
Settling: at least 60s; checking a stable 60s temperature window.
Settling 0s: {'k10temp:Tctl': 47.25}
Settling 60s: {'k10temp:Tctl': 40.0}
Settling 120s: {'k10temp:Tctl': 39.75}
raw/p250000_w2_high_bursty_r3: p99=722.01ms cpu=0.414 throttled=143 flags=[]
MATRIX 67/300
Settling: at least 60s; checking a stable 60s temperature window.
Settling 0s: {'k10temp:Tctl': 55.75}
Settling 60s: {'k10temp:Tctl': 40.375}
raw/p250000_w4_high_bursty_r2: p99=1614.85ms cpu=0.415 throttled=142 flags=[]
MATRIX 68/300
Settling: at least 60s; checking a stable 60s temperature window.
Settling 0s: {'k10temp:Tctl': 56.0}
Settling 60s: {'k10temp:Tctl': 40.375}
raw/p100000_w1_high_steady_r3: p99=6.07ms cpu=0.489 throttled=105 flags=[]
MATRIX 69/300
Settling: at least 60s; checking a stable 60s temperature window.
Settling 0s: {'k10temp:Tctl': 50.0}
Settling 60s: {'k10temp:Tctl': 40.625}
raw/p50000_w1_moderate_bursty_r1: p99=6.50ms cpu=0.323 throttled=6 flags=[]
MATRIX 70/300
Settling: at least 60s; checking a stable 60s temperature window.
Settling 0s: {'k10temp:Tctl': 47.25}
Settling 60s: {'k10temp:Tctl': 40.5}
raw/p250000_w2_moderate_bursty_r3: p99=6.55ms cpu=0.322 throttled=0 flags=[]
MATRIX 71/300
Settling: at least 60s; checking a stable 60s temperature window.
Settling 0s: {'k10temp:Tctl': 47.5}
Settling 60s: {'k10temp:Tctl': 40.125}
raw/p10000_w4_moderate_steady_r3: p99=6.55ms cpu=0.327 throttled=277 flags=[]
MATRIX 72/300
Settling: at least 60s; checking a stable 60s temperature window.
Settling 0s: {'k10temp:Tctl': 47.0}
Settling 60s: {'k10temp:Tctl': 40.25}
raw/p100000_w1_high_steady_r2: p99=6.10ms cpu=0.490 throttled=119 flags=[]
MATRIX 73/300
Settling: at least 60s; checking a stable 60s temperature window.
Settling 0s: {'k10temp:Tctl': 49.5}
Settling 60s: {'k10temp:Tctl': 40.5}
raw/p0_w2_high_steady_r1: p99=5.94ms cpu=0.488 throttled=0 flags=[]
MATRIX 74/300
Settling: at least 60s; checking a stable 60s temperature window.
Settling 0s: {'k10temp:Tctl': 49.875}
Settling 60s: {'k10temp:Tctl': 40.75}
raw/p0_w2_high_steady_r2: p99=5.91ms cpu=0.488 throttled=0 flags=[]
MATRIX 75/300
Settling: at least 60s; checking a stable 60s temperature window.
Settling 0s: {'k10temp:Tctl': 50.0}
Settling 60s: {'k10temp:Tctl': 40.875}
raw/p250000_w4_moderate_bursty_r3: p99=6.54ms cpu=0.324 throttled=0 flags=[]
MATRIX 76/300
Settling: at least 60s; checking a stable 60s temperature window.
Settling 0s: {'k10temp:Tctl': 47.75}
Settling 60s: {'k10temp:Tctl': 40.5}
raw/p10000_w1_moderate_bursty_r5: p99=6.47ms cpu=0.322 throttled=195 flags=[]
MATRIX 77/300
Settling: at least 60s; checking a stable 60s temperature window.
Settling 0s: {'k10temp:Tctl': 47.5}
Settling 60s: {'k10temp:Tctl': 40.5}
Settling 120s: {'k10temp:Tctl': 39.75}
raw/p100000_w1_high_steady_r5: p99=6.02ms cpu=0.488 throttled=86 flags=[]
MATRIX 78/300
Settling: at least 60s; checking a stable 60s temperature window.
Settling 0s: {'k10temp:Tctl': 49.625}
Settling 60s: {'k10temp:Tctl': 40.25}
raw/p50000_w2_high_bursty_r5: p99=1250.44ms cpu=0.437 throttled=865 flags=[]
MATRIX 79/300
Settling: at least 60s; checking a stable 60s temperature window.
Settling 0s: {'k10temp:Tctl': 47.375}
Settling 60s: {'k10temp:Tctl': 40.0}
raw/p0_w2_high_bursty_r1: p99=6.43ms cpu=0.447 throttled=0 flags=[]
MATRIX 80/300
Settling: at least 60s; checking a stable 60s temperature window.
Settling 0s: {'k10temp:Tctl': 53.75}
Settling 60s: {'k10temp:Tctl': 40.5}
raw/p100000_w2_high_bursty_r2: p99=2823.79ms cpu=0.424 throttled=397 flags=[]
MATRIX 81/300
Settling: at least 60s; checking a stable 60s temperature window.
Settling 0s: {'k10temp:Tctl': 51.5}
Settling 60s: {'k10temp:Tctl': 39.75}
raw/p0_w2_moderate_bursty_r2: p99=6.53ms cpu=0.323 throttled=0 flags=[]
MATRIX 82/300
Settling: at least 60s; checking a stable 60s temperature window.
Settling 0s: {'k10temp:Tctl': 46.375}
Settling 60s: {'k10temp:Tctl': 39.125}
raw/p100000_w2_high_steady_r2: p99=6.04ms cpu=0.489 throttled=110 flags=[]
MATRIX 83/300
Settling: at least 60s; checking a stable 60s temperature window.
Settling 0s: {'k10temp:Tctl': 48.75}
Settling 60s: {'k10temp:Tctl': 39.25}
raw/p100000_w2_high_bursty_r3: p99=1082.12ms cpu=0.424 throttled=395 flags=[]
MATRIX 84/300
Settling: at least 60s; checking a stable 60s temperature window.
Settling 0s: {'k10temp:Tctl': 51.0}
Settling 60s: {'k10temp:Tctl': 39.0}
raw/p250000_w4_moderate_steady_r3: p99=6.51ms cpu=0.327 throttled=0 flags=[]
MATRIX 85/300
Settling: at least 60s; checking a stable 60s temperature window.
Settling 0s: {'k10temp:Tctl': 45.375}
Settling 60s: {'k10temp:Tctl': 38.625}
raw/p100000_w2_moderate_bursty_r4: p99=6.54ms cpu=0.323 throttled=1 flags=[]
MATRIX 86/300
Settling: at least 60s; checking a stable 60s temperature window.
Settling 0s: {'k10temp:Tctl': 45.625}
Settling 60s: {'k10temp:Tctl': 38.5}
raw/p250000_w2_high_steady_r1: p99=5.91ms cpu=0.488 throttled=6 flags=[]
MATRIX 87/300
Settling: at least 60s; checking a stable 60s temperature window.
Settling 0s: {'k10temp:Tctl': 47.75}
Settling 60s: {'k10temp:Tctl': 39.125}
Settling 120s: {'k10temp:Tctl': 38.0}
raw/p10000_w2_high_steady_r2: p99=155.18ms cpu=0.494 throttled=5362 flags=[]
MATRIX 88/300
Settling: at least 60s; checking a stable 60s temperature window.
Settling 0s: {'k10temp:Tctl': 48.5}
Settling 60s: {'k10temp:Tctl': 38.375}
raw/p0_w4_moderate_bursty_r4: p99=6.43ms cpu=0.322 throttled=0 flags=[]
MATRIX 89/300
Settling: at least 60s; checking a stable 60s temperature window.
Settling 0s: {'k10temp:Tctl': 45.25}
Settling 60s: {'k10temp:Tctl': 37.875}
raw/p0_w4_high_bursty_r5: p99=6.51ms cpu=0.448 throttled=0 flags=[]
MATRIX 90/300
Settling: at least 60s; checking a stable 60s temperature window.
Settling 0s: {'k10temp:Tctl': 52.25}
Settling 60s: {'k10temp:Tctl': 38.75}
raw/p50000_w1_moderate_bursty_r2: p99=6.48ms cpu=0.323 throttled=11 flags=[]
MATRIX 91/300
Settling: at least 60s; checking a stable 60s temperature window.
Settling 0s: {'k10temp:Tctl': 45.0}
Settling 60s: {'k10temp:Tctl': 37.75}
raw/p100000_w4_high_bursty_r3: p99=4313.39ms cpu=0.439 throttled=437 flags=[]
MATRIX 92/300
Settling: at least 60s; checking a stable 60s temperature window.
Settling 0s: {'k10temp:Tctl': 50.125}
Settling 60s: {'k10temp:Tctl': 38.0}
raw/p0_w2_moderate_bursty_r3: p99=6.49ms cpu=0.323 throttled=0 flags=[]
MATRIX 93/300
Settling: at least 60s; checking a stable 60s temperature window.
Settling 0s: {'k10temp:Tctl': 44.75}
Settling 60s: {'k10temp:Tctl': 37.625}
raw/p250000_w2_moderate_bursty_r5: p99=6.55ms cpu=0.323 throttled=0 flags=[]
MATRIX 94/300
Settling: at least 60s; checking a stable 60s temperature window.
Settling 0s: {'k10temp:Tctl': 45.625}
Settling 60s: {'k10temp:Tctl': 37.375}
Settling 120s: {'k10temp:Tctl': 36.875}
Settling 180s: {'k10temp:Tctl': 36.625}
Settling 241s: {'k10temp:Tctl': 36.375}
Settling 301s: {'k10temp:Tctl': 36.25}
Settling 361s: {'k10temp:Tctl': 36.125}
Settling 421s: {'k10temp:Tctl': 36.0}
Settling 481s: {'k10temp:Tctl': 36.0}
Settling 541s: {'k10temp:Tctl': 35.875}
Settling 601s: {'k10temp:Tctl': 37.0}
Settling 662s: {'k10temp:Tctl': 35.75}
Settling 722s: {'k10temp:Tctl': 35.75}
Settling 782s: {'k10temp:Tctl': 35.625}
Settling 842s: {'k10temp:Tctl': 35.625}
Settling 902s: {'k10temp:Tctl': 35.5}
Settling 962s: {'k10temp:Tctl': 35.5}
Settling 1023s: {'k10temp:Tctl': 35.625}
Settling 1083s: {'k10temp:Tctl': 35.625}
Settling 1143s: {'k10temp:Tctl': 35.625}
Settling 1203s: {'k10temp:Tctl': 36.75}
Traceback (most recent call last):
  File "/home/Aditya/Desktop/Research_project/cpu-quota-tail-latency/scripts/experiment.py", line 510, in <module>
    main()
    ~~~~^^
  File "/home/Aditya/Desktop/Research_project/cpu-quota-tail-latency/scripts/experiment.py", line 497, in main
    record = trial(session, 'raw', cfg['run_id'], cfg)
  File "/home/Aditya/Desktop/Research_project/cpu-quota-tail-latency/scripts/experiment.py", line 243, in trial
    thermal = settle(run_dir / 'settling.json', environment['baseline_c'], expected_power=power_before)
  File "/home/Aditya/Desktop/Research_project/cpu-quota-tail-latency/scripts/experiment.py", line 115, in settle
    raise RuntimeError('Temperature did not stabilize within the protocol timeout; inspect settling log.')
RuntimeError: Temperature did not stabilize within the protocol timeout; inspect settling log.
